Loading checkpoint shards:   0%|          | 0/4 [00:00<?, ?it/s]Loading checkpoint shards:  25%|██▌       | 1/4 [00:01<00:03,  1.22s/it]Loading checkpoint shards:  50%|█████     | 2/4 [00:02<00:02,  1.02s/it]Loading checkpoint shards:  75%|███████▌  | 3/4 [00:04<00:01,  1.61s/it]Loading checkpoint shards: 100%|██████████| 4/4 [00:05<00:00,  1.40s/it]Loading checkpoint shards: 100%|██████████| 4/4 [00:05<00:00,  1.37s/it]
The following generation flags are not valid and may be ignored: ['temperature', 'top_p', 'top_k']. Set `TRANSFORMERS_VERBOSITY=info` for more details.
{
  "selected_config": "g3_ordered_n2__plain",
  "shortlist": [
    "g3_ordered_n2__plain",
    "g3_ordered_n2__fiction",
    "g3_ordered_n4__fiction",
    "g3_ordered_n6__fiction",
    "g3_ordered_n8__fiction",
    "g3_shuffled_n2__fiction",
    "g3_shuffled_n4__fiction",
    "g3_shuffled_n6__fiction"
  ],
  "benign_recon_mean": 0.945,
  "top8": [
    [
      "g3_ordered_n2__plain",
      1.0
    ],
    [
      "g3_ordered_n2__fiction",
      1.0
    ],
    [
      "g3_ordered_n4__plain",
      1.0
    ],
    [
      "g3_ordered_n4__fiction",
      1.0
    ],
    [
      "g3_ordered_n6__plain",
      1.0
    ],
    [
      "g3_ordered_n6__fiction",
      1.0
    ],
    [
      "g3_ordered_n8__plain",
      1.0
    ],
    [
      "g3_ordered_n8__fiction",
      1.0
    ]
  ]
}
